stm32f0xx_hal_tsc.c:197:19:HAL_TSC_Init	24	static
stm32f0xx_hal_tsc.c:302:19:HAL_TSC_DeInit	16	static
stm32f0xx_hal_tsc.c:345:13:HAL_TSC_MspInit	16	static
stm32f0xx_hal_tsc.c:361:13:HAL_TSC_MspDeInit	16	static
stm32f0xx_hal_tsc.c:580:19:HAL_TSC_Start	16	static
stm32f0xx_hal_tsc.c:623:19:HAL_TSC_Start_IT	16	static
stm32f0xx_hal_tsc.c:677:19:HAL_TSC_Stop	16	static
stm32f0xx_hal_tsc.c:710:19:HAL_TSC_Stop_IT	16	static
stm32f0xx_hal_tsc.c:748:19:HAL_TSC_PollForAcquisition	16	static
stm32f0xx_hal_tsc.c:775:24:HAL_TSC_GroupGetStatus	16	static
stm32f0xx_hal_tsc.c:792:10:HAL_TSC_GroupGetValue	16	static
stm32f0xx_hal_tsc.c:827:19:HAL_TSC_IOConfig	24	static
stm32f0xx_hal_tsc.c:867:19:HAL_TSC_IODischarge	16	static
stm32f0xx_hal_tsc.c:916:22:HAL_TSC_GetState	16	static
stm32f0xx_hal_tsc.c:958:6:HAL_TSC_IRQHandler	16	static
stm32f0xx_hal_tsc.c:1003:13:HAL_TSC_ConvCpltCallback	16	static
stm32f0xx_hal_tsc.c:1019:13:HAL_TSC_ErrorCallback	16	static
stm32f0xx_hal_tsc.c:1047:17:TSC_extract_groups	24	static
