main.cpp:81:5:int main()	8	static
main.cpp:136:6:void SystemClock_Config()	88	static
main.cpp:170:13:void MX_I2C2_Init()	8	static
main.cpp:213:13:void MX_SPI2_Init()	8	static
main.cpp:251:13:void MX_TSC_Init()	8	static
main.cpp:291:13:void MX_USART3_UART_Init()	8	static
main.cpp:324:13:void MX_GPIO_Init()	48	static
main.cpp:367:6:void HAL_UART_RxCpltCallback(UART_HandleTypeDef*)	16	static,ignoring_inline_asm
main.cpp:376:6:void Error_Handler()	8	static
main.cpp:381:1:void __static_initialization_and_destruction_0(int, int)	16	static
main.cpp:381:1:cpp)	8	static
main.cpp:381:1:cpp)	8	static
