Archive member included to satisfy reference by file (symbol)

c:/st/stm32cubeide_1.2.0/stm32cubeide/plugins/com.st.stm32cube.ide.mcu.externaltools.gnu-tools-for-stm32.7-2018-q2-update.win32_1.0.0.201904181610/tools/bin/../lib/gcc/arm-none-eabi/7.3.1/../../../../arm-none-eabi/lib/thumb/v6-m\libc_nano.a(lib_a-errno.o)
                              Core/Src/syscalls.o (__errno)
c:/st/stm32cubeide_1.2.0/stm32cubeide/plugins/com.st.stm32cube.ide.mcu.externaltools.gnu-tools-for-stm32.7-2018-q2-update.win32_1.0.0.201904181610/tools/bin/../lib/gcc/arm-none-eabi/7.3.1/../../../../arm-none-eabi/lib/thumb/v6-m\libc_nano.a(lib_a-exit.o)
                              c:/st/stm32cubeide_1.2.0/stm32cubeide/plugins/com.st.stm32cube.ide.mcu.externaltools.gnu-tools-for-stm32.7-2018-q2-update.win32_1.0.0.201904181610/tools/bin/../lib/gcc/arm-none-eabi/7.3.1/../../../../arm-none-eabi/lib/thumb/v6-m/crt0.o (exit)
c:/st/stm32cubeide_1.2.0/stm32cubeide/plugins/com.st.stm32cube.ide.mcu.externaltools.gnu-tools-for-stm32.7-2018-q2-update.win32_1.0.0.201904181610/tools/bin/../lib/gcc/arm-none-eabi/7.3.1/../../../../arm-none-eabi/lib/thumb/v6-m\libc_nano.a(lib_a-impure.o)
                              c:/st/stm32cubeide_1.2.0/stm32cubeide/plugins/com.st.stm32cube.ide.mcu.externaltools.gnu-tools-for-stm32.7-2018-q2-update.win32_1.0.0.201904181610/tools/bin/../lib/gcc/arm-none-eabi/7.3.1/../../../../arm-none-eabi/lib/thumb/v6-m\libc_nano.a(lib_a-exit.o) (_global_impure_ptr)
c:/st/stm32cubeide_1.2.0/stm32cubeide/plugins/com.st.stm32cube.ide.mcu.externaltools.gnu-tools-for-stm32.7-2018-q2-update.win32_1.0.0.201904181610/tools/bin/../lib/gcc/arm-none-eabi/7.3.1/../../../../arm-none-eabi/lib/thumb/v6-m\libc_nano.a(lib_a-init.o)
                              c:/st/stm32cubeide_1.2.0/stm32cubeide/plugins/com.st.stm32cube.ide.mcu.externaltools.gnu-tools-for-stm32.7-2018-q2-update.win32_1.0.0.201904181610/tools/bin/../lib/gcc/arm-none-eabi/7.3.1/../../../../arm-none-eabi/lib/thumb/v6-m/crt0.o (__libc_init_array)
c:/st/stm32cubeide_1.2.0/stm32cubeide/plugins/com.st.stm32cube.ide.mcu.externaltools.gnu-tools-for-stm32.7-2018-q2-update.win32_1.0.0.201904181610/tools/bin/../lib/gcc/arm-none-eabi/7.3.1/../../../../arm-none-eabi/lib/thumb/v6-m\libc_nano.a(lib_a-memcpy-stub.o)
                              Core/Src/MIDI.o (memcpy)
c:/st/stm32cubeide_1.2.0/stm32cubeide/plugins/com.st.stm32cube.ide.mcu.externaltools.gnu-tools-for-stm32.7-2018-q2-update.win32_1.0.0.201904181610/tools/bin/../lib/gcc/arm-none-eabi/7.3.1/../../../../arm-none-eabi/lib/thumb/v6-m\libc_nano.a(lib_a-memset.o)
                              c:/st/stm32cubeide_1.2.0/stm32cubeide/plugins/com.st.stm32cube.ide.mcu.externaltools.gnu-tools-for-stm32.7-2018-q2-update.win32_1.0.0.201904181610/tools/bin/../lib/gcc/arm-none-eabi/7.3.1/../../../../arm-none-eabi/lib/thumb/v6-m/crt0.o (memset)
c:/st/stm32cubeide_1.2.0/stm32cubeide/plugins/com.st.stm32cube.ide.mcu.externaltools.gnu-tools-for-stm32.7-2018-q2-update.win32_1.0.0.201904181610/tools/bin/../lib/gcc/arm-none-eabi/7.3.1/thumb/v6-m\libgcc.a(_udivsi3.o)
                              Core/Src/system_stm32f0xx.o (__aeabi_uidiv)
c:/st/stm32cubeide_1.2.0/stm32cubeide/plugins/com.st.stm32cube.ide.mcu.externaltools.gnu-tools-for-stm32.7-2018-q2-update.win32_1.0.0.201904181610/tools/bin/../lib/gcc/arm-none-eabi/7.3.1/thumb/v6-m\libgcc.a(_dvmd_tls.o)
                              c:/st/stm32cubeide_1.2.0/stm32cubeide/plugins/com.st.stm32cube.ide.mcu.externaltools.gnu-tools-for-stm32.7-2018-q2-update.win32_1.0.0.201904181610/tools/bin/../lib/gcc/arm-none-eabi/7.3.1/thumb/v6-m\libgcc.a(_udivsi3.o) (__aeabi_idiv0)
c:/st/stm32cubeide_1.2.0/stm32cubeide/plugins/com.st.stm32cube.ide.mcu.externaltools.gnu-tools-for-stm32.7-2018-q2-update.win32_1.0.0.201904181610/tools/bin/../lib/gcc/arm-none-eabi/7.3.1/thumb/v6-m\libgcc.a(_arm_cmpdf2.o)
                              Core/Src/MIDI.o (__aeabi_dcmpgt)
c:/st/stm32cubeide_1.2.0/stm32cubeide/plugins/com.st.stm32cube.ide.mcu.externaltools.gnu-tools-for-stm32.7-2018-q2-update.win32_1.0.0.201904181610/tools/bin/../lib/gcc/arm-none-eabi/7.3.1/thumb/v6-m\libgcc.a(eqdf2.o)
                              c:/st/stm32cubeide_1.2.0/stm32cubeide/plugins/com.st.stm32cube.ide.mcu.externaltools.gnu-tools-for-stm32.7-2018-q2-update.win32_1.0.0.201904181610/tools/bin/../lib/gcc/arm-none-eabi/7.3.1/thumb/v6-m\libgcc.a(_arm_cmpdf2.o) (__eqdf2)
c:/st/stm32cubeide_1.2.0/stm32cubeide/plugins/com.st.stm32cube.ide.mcu.externaltools.gnu-tools-for-stm32.7-2018-q2-update.win32_1.0.0.201904181610/tools/bin/../lib/gcc/arm-none-eabi/7.3.1/thumb/v6-m\libgcc.a(gedf2.o)
                              c:/st/stm32cubeide_1.2.0/stm32cubeide/plugins/com.st.stm32cube.ide.mcu.externaltools.gnu-tools-for-stm32.7-2018-q2-update.win32_1.0.0.201904181610/tools/bin/../lib/gcc/arm-none-eabi/7.3.1/thumb/v6-m\libgcc.a(_arm_cmpdf2.o) (__gedf2)
[...]
Memory Configuration

Name             Origin             Length             Attributes
RAM              0x0000000020000000 0x0000000000004000 xrw
FLASH            0x0000000008000000 0x0000000000020000 xr
*default*        0x0000000000000000 0xffffffffffffffff

Linker script and memory map

LOAD c:/st/stm32cubeide_1.2.0/stm32cubeide/plugins/com.st.stm32cube.ide.mcu.externaltools.gnu-tools-for-stm32.7-2018-q2-update.win32_1.0.0.201904181610/tools/bin/../lib/gcc/arm-none-eabi/7.3.1/thumb/v6-m/crti.o
LOAD c:/st/stm32cubeide_1.2.0/stm32cubeide/plugins/com.st.stm32cube.ide.mcu.externaltools.gnu-tools-for-stm32.7-2018-q2-update.win32_1.0.0.201904181610/tools/bin/../lib/gcc/arm-none-eabi/7.3.1/thumb/v6-m/crtbegin.o
LOAD c:/st/stm32cubeide_1.2.0/stm32cubeide/plugins/com.st.stm32cube.ide.mcu.externaltools.gnu-tools-for-stm32.7-2018-q2-update.win32_1.0.0.201904181610/tools/bin/../lib/gcc/arm-none-eabi/7.3.1/../../../../arm-none-eabi/lib/thumb/v6-m/crt0.o
LOAD Core/Src/MIDI.o
LOAD Core/Src/MidiHandlers.o
LOAD Core/Src/main.o
LOAD Core/Src/stm32f0xx_hal_msp.o
LOAD Core/Src/stm32f0xx_it.o
LOAD Core/Src/syscalls.o
LOAD Core/Src/sysmem.o
LOAD Core/Src/system_stm32f0xx.o
LOAD Core/Startup/startup_stm32f072rbtx.o
LOAD Drivers/STM32F0xx_HAL_Driver/Src/stm32f0xx_hal.o
LOAD Drivers/STM32F0xx_HAL_Driver/Src/stm32f0xx_hal_cortex.o
LOAD Drivers/STM32F0xx_HAL_Driver/Src/stm32f0xx_hal_dma.o
LOAD Drivers/STM32F0xx_HAL_Driver/Src/stm32f0xx_hal_exti.o
LOAD Drivers/STM32F0xx_HAL_Driver/Src/stm32f0xx_hal_flash.o
LOAD Drivers/STM32F0xx_HAL_Driver/Src/stm32f0xx_hal_flash_ex.o
LOAD Drivers/STM32F0xx_HAL_Driver/Src/stm32f0xx_hal_gpio.o
LOAD Drivers/STM32F0xx_HAL_Driver/Src/stm32f0xx_hal_i2c.o
LOAD Drivers/STM32F0xx_HAL_Driver/Src/stm32f0xx_hal_i2c_ex.o
LOAD Drivers/STM32F0xx_HAL_Driver/Src/stm32f0xx_hal_pwr.o
LOAD Drivers/STM32F0xx_HAL_Driver/Src/stm32f0xx_hal_pwr_ex.o
LOAD Drivers/STM32F0xx_HAL_Driver/Src/stm32f0xx_hal_rcc.o
LOAD Drivers/STM32F0xx_HAL_Driver/Src/stm32f0xx_hal_rcc_ex.o
LOAD Drivers/STM32F0xx_HAL_Driver/Src/stm32f0xx_hal_spi.o
LOAD Drivers/STM32F0xx_HAL_Driver/Src/stm32f0xx_hal_spi_ex.o
LOAD Drivers/STM32F0xx_HAL_Driver/Src/stm32f0xx_hal_tim.o
LOAD Drivers/STM32F0xx_HAL_Driver/Src/stm32f0xx_hal_tim_ex.o
LOAD Drivers/STM32F0xx_HAL_Driver/Src/stm32f0xx_hal_tsc.o
LOAD Drivers/STM32F0xx_HAL_Driver/Src/stm32f0xx_hal_uart.o
LOAD Drivers/STM32F0xx_HAL_Driver/Src/stm32f0xx_hal_uart_ex.o
START GROUP
LOAD c:/st/stm32cubeide_1.2.0/stm32cubeide/plugins/com.st.stm32cube.ide.mcu.externaltools.gnu-tools-for-stm32.7-2018-q2-update.win32_1.0.0.201904181610/tools/bin/../lib/gcc/arm-none-eabi/7.3.1/../../../../arm-none-eabi/lib/thumb/v6-m\libstdc++_nano.a
LOAD c:/st/stm32cubeide_1.2.0/stm32cubeide/plugins/com.st.stm32cube.ide.mcu.externaltools.gnu-tools-for-stm32.7-2018-q2-update.win32_1.0.0.201904181610/tools/bin/../lib/gcc/arm-none-eabi/7.3.1/../../../../arm-none-eabi/lib/thumb/v6-m\libsupc++_nano.a
END GROUP
LOAD c:/st/stm32cubeide_1.2.0/stm32cubeide/plugins/com.st.stm32cube.ide.mcu.externaltools.gnu-tools-for-stm32.7-2018-q2-update.win32_1.0.0.201904181610/tools/bin/../lib/gcc/arm-none-eabi/7.3.1/../../../../arm-none-eabi/lib/thumb/v6-m\libstdc++_nano.a
LOAD c:/st/stm32cubeide_1.2.0/stm32cubeide/plugins/com.st.stm32cube.ide.mcu.externaltools.gnu-tools-for-stm32.7-2018-q2-update.win32_1.0.0.201904181610/tools/bin/../lib/gcc/arm-none-eabi/7.3.1/../../../../arm-none-eabi/lib/thumb/v6-m\libm.a
LOAD c:/st/stm32cubeide_1.2.0/stm32cubeide/plugins/com.st.stm32cube.ide.mcu.externaltools.gnu-tools-for-stm32.7-2018-q2-update.win32_1.0.0.201904181610/tools/bin/../lib/gcc/arm-none-eabi/7.3.1/../../../../arm-none-eabi/lib/thumb/v6-m\libc_nano.a
START GROUP
LOAD c:/st/stm32cubeide_1.2.0/stm32cubeide/plugins/com.st.stm32cube.ide.mcu.externaltools.gnu-tools-for-stm32.7-2018-q2-update.win32_1.0.0.201904181610/tools/bin/../lib/gcc/arm-none-eabi/7.3.1/thumb/v6-m\libgcc.a
LOAD c:/st/stm32cubeide_1.2.0/stm32cubeide/plugins/com.st.stm32cube.ide.mcu.externaltools.gnu-tools-for-stm32.7-2018-q2-update.win32_1.0.0.201904181610/tools/bin/../lib/gcc/arm-none-eabi/7.3.1/../../../../arm-none-eabi/lib/thumb/v6-m\libc_nano.a
END GROUP
START GROUP
LOAD c:/st/stm32cubeide_1.2.0/stm32cubeide/plugins/com.st.stm32cube.ide.mcu.externaltools.gnu-tools-for-stm32.7-2018-q2-update.win32_1.0.0.201904181610/tools/bin/../lib/gcc/arm-none-eabi/7.3.1/thumb/v6-m\libgcc.a
LOAD c:/st/stm32cubeide_1.2.0/stm32cubeide/plugins/com.st.stm32cube.ide.mcu.externaltools.gnu-tools-for-stm32.7-2018-q2-update.win32_1.0.0.201904181610/tools/bin/../lib/gcc/arm-none-eabi/7.3.1/../../../../arm-none-eabi/lib/thumb/v6-m\libc_nano.a
LOAD c:/st/stm32cubeide_1.2.0/stm32cubeide/plugins/com.st.stm32cube.ide.mcu.externaltools.gnu-tools-for-stm32.7-2018-q2-update.win32_1.0.0.201904181610/tools/bin/../lib/gcc/arm-none-eabi/7.3.1/../../../../arm-none-eabi/lib/thumb/v6-m\libnosys.a
END GROUP
START GROUP
LOAD c:/st/stm32cubeide_1.2.0/stm32cubeide/plugins/com.st.stm32cube.ide.mcu.externaltools.gnu-tools-for-stm32.7-2018-q2-update.win32_1.0.0.201904181610/tools/bin/../lib/gcc/arm-none-eabi/7.3.1/thumb/v6-m\libgcc.a
LOAD c:/st/stm32cubeide_1.2.0/stm32cubeide/plugins/com.st.stm32cube.ide.mcu.externaltools.gnu-tools-for-stm32.7-2018-q2-update.win32_1.0.0.201904181610/tools/bin/../lib/gcc/arm-none-eabi/7.3.1/../../../../arm-none-eabi/lib/thumb/v6-m\libc_nano.a
LOAD c:/st/stm32cubeide_1.2.0/stm32cubeide/plugins/com.st.stm32cube.ide.mcu.externaltools.gnu-tools-for-stm32.7-2018-q2-update.win32_1.0.0.201904181610/tools/bin/../lib/gcc/arm-none-eabi/7.3.1/../../../../arm-none-eabi/lib/thumb/v6-m\libnosys.a
END GROUP
LOAD c:/st/stm32cubeide_1.2.0/stm32cubeide/plugins/com.st.stm32cube.ide.mcu.externaltools.gnu-tools-for-stm32.7-2018-q2-update.win32_1.0.0.201904181610/tools/bin/../lib/gcc/arm-none-eabi/7.3.1/thumb/v6-m/crtend.o
LOAD c:/st/stm32cubeide_1.2.0/stm32cubeide/plugins/com.st.stm32cube.ide.mcu.externaltools.gnu-tools-for-stm32.7-2018-q2-update.win32_1.0.0.201904181610/tools/bin/../lib/gcc/arm-none-eabi/7.3.1/thumb/v6-m/crtn.o
                0x0000000020004000                _estack = (ORIGIN (RAM) + LENGTH (RAM))
                0x0000000000000200                _Min_Heap_Size = 0x200
                0x0000000000000400                _Min_Stack_Size = 0x400

.isr_vector     0x0000000008000000       0xc0
                0x0000000008000000                . = ALIGN (0x4)
 *(.isr_vector)
 .isr_vector    0x0000000008000000       0xc0 Core/Startup/startup_stm32f072rbtx.o
                0x0000000008000000                g_pfnVectors
                0x00000000080000c0                . = ALIGN (0x4)

.text           0x00000000080000c0     0x2f08
                0x00000000080000c0                . = ALIGN (0x4)
 *(.text)
 .text          0x00000000080000c0       0x48 c:/st/stm32cubeide_1.2.0/stm32cubeide/plugins/com.st.stm32cube.ide.mcu.externaltools.gnu-tools-for-stm32.7-2018-q2-update.win32_1.0.0.201904181610/tools/bin/../lib/gcc/arm-none-eabi/7.3.1/thumb/v6-m/crtbegin.o
 .text          0x0000000008000108      0x114 c:/st/stm32cubeide_1.2.0/stm32cubeide/plugins/com.st.stm32cube.ide.mcu.externaltools.gnu-tools-for-stm32.7-2018-q2-update.win32_1.0.0.201904181610/tools/bin/../lib/gcc/arm-none-eabi/7.3.1/thumb/v6-m\libgcc.a(_udivsi3.o)
                0x0000000008000108                __aeabi_uidiv
                0x0000000008000108                __udivsi3
                0x0000000008000214                __aeabi_uidivmod
 .text          0x000000000800021c        0x4 c:/st/stm32cubeide_1.2.0/stm32cubeide/plugins/com.st.stm32cube.ide.mcu.externaltools.gnu-tools-for-stm32.7-2018-q2-update.win32_1.0.0.201904181610/tools/bin/../lib/gcc/arm-none-eabi/7.3.1/thumb/v6-m\libgcc.a(_dvmd_tls.o)
                0x000000000800021c                __aeabi_idiv0
                0x000000000800021c                __aeabi_ldiv0
 *(.text*)
 .text._ZN9mSettingsC2Ev
                0x0000000008000220       0x24 Core/Src/MIDI.o
                0x0000000008000220                mSettings::mSettings()
                0x0000000008000220                mSettings::mSettings()
 .text._ZN8mMessageC2Ev
                0x0000000008000244       0x30 Core/Src/MIDI.o
                0x0000000008000244                mMessage::mMessage()
                0x0000000008000244                mMessage::mMessage()
 .text._ZN13MidiInterfaceC2Ev
                0x0000000008000274      0x19a Core/Src/MIDI.o
                0x0000000008000274                MidiInterface::MidiInterface()
                0x0000000008000274                MidiInterface::MidiInterface()
 .text._ZN13MidiInterfaceD2Ev
                0x000000000800040e       0x12 Core/Src/MIDI.o
                0x000000000800040e                MidiInterface::~MidiInterface()
                0x000000000800040e                MidiInterface::~MidiInterface()
 .text.main     0x0000000008000420       0x34 Core/Src/main.o
                0x0000000008000420                main
 .text._Z18SystemClock_Configv
                0x0000000008000454       0xa6 Core/Src/main.o
                0x0000000008000454                SystemClock_Config()
 *fill*         0x00000000080004fa        0x2 
 .text._ZL12MX_I2C2_Initv
                0x00000000080004fc       0x98 Core/Src/main.o
 .text._ZL12MX_SPI2_Initv
                0x0000000008000594       0x84 Core/Src/main.o
 .text._ZL11MX_TSC_Initv
                0x0000000008000618       0x90 Core/Src/main.o
 .text._ZL19MX_USART3_UART_Initv
                0x00000000080006a8       0x6c Core/Src/main.o
 .text._ZL12MX_GPIO_Initv
                0x0000000008000714      0x120 Core/Src/main.o
 .text.HAL_UART_RxCpltCallback
                0x0000000008000834       0x12 Core/Src/main.o
                0x0000000008000834                HAL_UART_RxCpltCallback
 .text.Error_Handler
                0x0000000008000846        0xa Core/Src/main.o
                0x0000000008000846                Error_Handler
 .text._Z41__static_initialization_and_destruction_0ii
                0x0000000008000850       0x48 Core/Src/main.o
 .text._GLOBAL__sub_I_hi2c2
                0x0000000008000898       0x18 Core/Src/main.o
 .text._GLOBAL__sub_D_hi2c2
                0x00000000080008b0       0x18 Core/Src/main.o
 .text.HAL_MspInit
                0x00000000080008c8       0x48 Core/Src/stm32f0xx_hal_msp.o
                0x00000000080008c8                HAL_MspInit
 .text.HAL_I2C_MspInit
                0x0000000008000910       0x9c Core/Src/stm32f0xx_hal_msp.o
                0x0000000008000910                HAL_I2C_MspInit
 .text.HAL_SPI_MspInit
                0x00000000080009ac       0x9c Core/Src/stm32f0xx_hal_msp.o
                0x00000000080009ac                HAL_SPI_MspInit
 .text.HAL_TSC_MspInit
                0x0000000008000a48      0x140 Core/Src/stm32f0xx_hal_msp.o
                0x0000000008000a48                HAL_TSC_MspInit
 .text.HAL_UART_MspInit
                0x0000000008000b88       0xac Core/Src/stm32f0xx_hal_msp.o
                0x0000000008000b88                HAL_UART_MspInit
 .text.NMI_Handler
                0x0000000008000c34        0xa Core/Src/stm32f0xx_it.o
                0x0000000008000c34                NMI_Handler
 .text.HardFault_Handler
                0x0000000008000c3e        0x6 Core/Src/stm32f0xx_it.o
                0x0000000008000c3e                HardFault_Handler
 .text.SVC_Handler
                0x0000000008000c44        0xa Core/Src/stm32f0xx_it.o
                0x0000000008000c44                SVC_Handler
 .text.PendSV_Handler
                0x0000000008000c4e        0xa Core/Src/stm32f0xx_it.o
                0x0000000008000c4e                PendSV_Handler
 .text.SysTick_Handler
                0x0000000008000c58        0xe Core/Src/stm32f0xx_it.o
                0x0000000008000c58                SysTick_Handler
 *fill*         0x0000000008000c66        0x2 
 .text.USART3_4_IRQHandler
                0x0000000008000c68       0x18 Core/Src/stm32f0xx_it.o
                0x0000000008000c68                USART3_4_IRQHandler
 .text.SystemInit
                0x0000000008000c80        0xa Core/Src/system_stm32f0xx.o
                0x0000000008000c80                SystemInit
 *fill*         0x0000000008000c8a        0x2 
 .text.Reset_Handler
                0x0000000008000c8c       0x50 Core/Startup/startup_stm32f072rbtx.o
                0x0000000008000c8c                Reset_Handler
 .text.Default_Handler
                0x0000000008000cdc        0x2 Core/Startup/startup_stm32f072rbtx.o
                0x0000000008000cdc                TIM1_CC_IRQHandler
                0x0000000008000cdc                TSC_IRQHandler
                0x0000000008000cdc                ADC1_COMP_IRQHandler
                0x0000000008000cdc                I2C1_IRQHandler
                0x0000000008000cdc                RCC_CRS_IRQHandler
                0x0000000008000cdc                SPI1_IRQHandler
                0x0000000008000cdc                TIM6_DAC_IRQHandler
                0x0000000008000cdc                EXTI2_3_IRQHandler
                0x0000000008000cdc                I2C2_IRQHandler
                0x0000000008000cdc                TIM17_IRQHandler
                0x0000000008000cdc                CEC_CAN_IRQHandler
                0x0000000008000cdc                RTC_IRQHandler
                0x0000000008000cdc                PVD_VDDIO2_IRQHandler
                0x0000000008000cdc                DMA1_Channel4_5_6_7_IRQHandler
                0x0000000008000cdc                TIM16_IRQHandler
                0x0000000008000cdc                TIM3_IRQHandler
                0x0000000008000cdc                EXTI4_15_IRQHandler
                0x0000000008000cdc                DMA1_Channel1_IRQHandler
                0x0000000008000cdc                Default_Handler
                0x0000000008000cdc                TIM14_IRQHandler
                0x0000000008000cdc                TIM7_IRQHandler
                0x0000000008000cdc                TIM15_IRQHandler
                0x0000000008000cdc                EXTI0_1_IRQHandler
                0x0000000008000cdc                USB_IRQHandler
                0x0000000008000cdc                SPI2_IRQHandler
                0x0000000008000cdc                WWDG_IRQHandler
                0x0000000008000cdc                TIM2_IRQHandler
                0x0000000008000cdc                DMA1_Channel2_3_IRQHandler
                0x0000000008000cdc                USART2_IRQHandler
                0x0000000008000cdc                FLASH_IRQHandler
                0x0000000008000cdc                USART1_IRQHandler
                0x0000000008000cdc                TIM1_BRK_UP_TRG_COM_IRQHandler
 *fill*         0x0000000008000cde        0x2 
 .text.HAL_Init
                0x0000000008000ce0       0x28 Drivers/STM32F0xx_HAL_Driver/Src/stm32f0xx_hal.o
                0x0000000008000ce0                HAL_Init
 .text.HAL_InitTick
                0x0000000008000d08       0x68 Drivers/STM32F0xx_HAL_Driver/Src/stm32f0xx_hal.o
                0x0000000008000d08                HAL_InitTick
 .text.HAL_IncTick
                0x0000000008000d70       0x24 Drivers/STM32F0xx_HAL_Driver/Src/stm32f0xx_hal.o
                0x0000000008000d70                HAL_IncTick
 .text.HAL_GetTick
                0x0000000008000d94       0x14 Drivers/STM32F0xx_HAL_Driver/Src/stm32f0xx_hal.o
                0x0000000008000d94                HAL_GetTick
 .text.__NVIC_EnableIRQ
                0x0000000008000da8       0x34 Drivers/STM32F0xx_HAL_Driver/Src/stm32f0xx_hal_cortex.o
 .text.__NVIC_SetPriority
                0x0000000008000ddc       0xdc Drivers/STM32F0xx_HAL_Driver/Src/stm32f0xx_hal_cortex.o
 .text.SysTick_Config
                0x0000000008000eb8       0x48 Drivers/STM32F0xx_HAL_Driver/Src/stm32f0xx_hal_cortex.o
 .text.HAL_NVIC_SetPriority
                0x0000000008000f00       0x2a Drivers/STM32F0xx_HAL_Driver/Src/stm32f0xx_hal_cortex.o
                0x0000000008000f00                HAL_NVIC_SetPriority
 .text.HAL_NVIC_EnableIRQ
                0x0000000008000f2a       0x20 Drivers/STM32F0xx_HAL_Driver/Src/stm32f0xx_hal_cortex.o
                0x0000000008000f2a                HAL_NVIC_EnableIRQ
 .text.HAL_SYSTICK_Config
                0x0000000008000f4a       0x1a Drivers/STM32F0xx_HAL_Driver/Src/stm32f0xx_hal_cortex.o
                0x0000000008000f4a                HAL_SYSTICK_Config
 .text.HAL_DMA_Abort_IT
                0x0000000008000f64       0x8c Drivers/STM32F0xx_HAL_Driver/Src/stm32f0xx_hal_dma.o
                0x0000000008000f64                HAL_DMA_Abort_IT
 .text.HAL_GPIO_Init
                0x0000000008000ff0      0x2f0 Drivers/STM32F0xx_HAL_Driver/Src/stm32f0xx_hal_gpio.o
                0x0000000008000ff0                HAL_GPIO_Init
 .text.HAL_GPIO_WritePin
                0x00000000080012e0       0x3a Drivers/STM32F0xx_HAL_Driver/Src/stm32f0xx_hal_gpio.o
                0x00000000080012e0                HAL_GPIO_WritePin
 *fill*         0x000000000800131a        0x2 
 .text.HAL_I2C_Init
                0x000000000800131c      0x12c Drivers/STM32F0xx_HAL_Driver/Src/stm32f0xx_hal_i2c.o
                0x000000000800131c                HAL_I2C_Init
 .text.HAL_I2CEx_ConfigAnalogFilter
                0x0000000008001448       0x98 Drivers/STM32F0xx_HAL_Driver/Src/stm32f0xx_hal_i2c_ex.o
                0x0000000008001448                HAL_I2CEx_ConfigAnalogFilter
 .text.HAL_I2CEx_ConfigDigitalFilter
                0x00000000080014e0       0x98 Drivers/STM32F0xx_HAL_Driver/Src/stm32f0xx_hal_i2c_ex.o
                0x00000000080014e0                HAL_I2CEx_ConfigDigitalFilter
 .text.HAL_RCC_OscConfig
                0x0000000008001578      0x70c Drivers/STM32F0xx_HAL_Driver/Src/stm32f0xx_hal_rcc.o
                0x0000000008001578                HAL_RCC_OscConfig
 .text.HAL_RCC_ClockConfig
                0x0000000008001c84      0x1b4 Drivers/STM32F0xx_HAL_Driver/Src/stm32f0xx_hal_rcc.o
                0x0000000008001c84                HAL_RCC_ClockConfig
 .text.HAL_RCC_GetSysClockFreq
                0x0000000008001e38       0xfc Drivers/STM32F0xx_HAL_Driver/Src/stm32f0xx_hal_rcc.o
                0x0000000008001e38                HAL_RCC_GetSysClockFreq
 .text.HAL_RCC_GetHCLKFreq
                0x0000000008001f34       0x14 Drivers/STM32F0xx_HAL_Driver/Src/stm32f0xx_hal_rcc.o
                0x0000000008001f34                HAL_RCC_GetHCLKFreq
 .text.HAL_RCC_GetPCLK1Freq
                0x0000000008001f48       0x2c Drivers/STM32F0xx_HAL_Driver/Src/stm32f0xx_hal_rcc.o
                0x0000000008001f48                HAL_RCC_GetPCLK1Freq
 .text.HAL_SPI_Init
                0x0000000008001f74      0x134 Drivers/STM32F0xx_HAL_Driver/Src/stm32f0xx_hal_spi.o
                0x0000000008001f74                HAL_SPI_Init
 .text.HAL_TSC_Init
                0x00000000080020a8      0x104 Drivers/STM32F0xx_HAL_Driver/Src/stm32f0xx_hal_tsc.o
                0x00000000080020a8                HAL_TSC_Init
 .text.TSC_extract_groups
                0x00000000080021ac       0x46 Drivers/STM32F0xx_HAL_Driver/Src/stm32f0xx_hal_tsc.o
 *fill*         0x00000000080021f2        0x2 
 .text.HAL_UART_Init
                0x00000000080021f4       0xa8 Drivers/STM32F0xx_HAL_Driver/Src/stm32f0xx_hal_uart.o
                0x00000000080021f4                HAL_UART_Init
 .text.HAL_UART_Receive_IT
                0x000000000800229c      0x170 Drivers/STM32F0xx_HAL_Driver/Src/stm32f0xx_hal_uart.o
                0x000000000800229c                HAL_UART_Receive_IT
 .text.HAL_UART_IRQHandler
                0x000000000800240c      0x278 Drivers/STM32F0xx_HAL_Driver/Src/stm32f0xx_hal_uart.o
                0x000000000800240c                HAL_UART_IRQHandler
 .text.HAL_UART_TxCpltCallback
                0x0000000008002684       0x10 Drivers/STM32F0xx_HAL_Driver/Src/stm32f0xx_hal_uart.o
                0x0000000008002684                HAL_UART_TxCpltCallback
 .text.HAL_UART_ErrorCallback
                0x0000000008002694       0x10 Drivers/STM32F0xx_HAL_Driver/Src/stm32f0xx_hal_uart.o
                0x0000000008002694                HAL_UART_ErrorCallback
 .text.UART_SetConfig
                0x00000000080026a4      0x398 Drivers/STM32F0xx_HAL_Driver/Src/stm32f0xx_hal_uart.o
                0x00000000080026a4                UART_SetConfig
 .text.UART_AdvFeatureConfig
                0x0000000008002a3c      0x168 Drivers/STM32F0xx_HAL_Driver/Src/stm32f0xx_hal_uart.o
                0x0000000008002a3c                UART_AdvFeatureConfig
 .text.UART_CheckIdleState
                0x0000000008002ba4       0x8c Drivers/STM32F0xx_HAL_Driver/Src/stm32f0xx_hal_uart.o
                0x0000000008002ba4                UART_CheckIdleState
 .text.UART_WaitOnFlagUntilTimeout
                0x0000000008002c30       0xfc Drivers/STM32F0xx_HAL_Driver/Src/stm32f0xx_hal_uart.o
                0x0000000008002c30                UART_WaitOnFlagUntilTimeout
 .text.UART_EndRxTransfer
                0x0000000008002d2c       0x40 Drivers/STM32F0xx_HAL_Driver/Src/stm32f0xx_hal_uart.o
 .text.UART_DMAAbortOnError
                0x0000000008002d6c       0x2e Drivers/STM32F0xx_HAL_Driver/Src/stm32f0xx_hal_uart.o
 .text.UART_EndTransmit_IT
                0x0000000008002d9a       0x34 Drivers/STM32F0xx_HAL_Driver/Src/stm32f0xx_hal_uart.o
 *fill*         0x0000000008002dce        0x2 
 .text.UART_RxISR_8BIT
                0x0000000008002dd0       0xbc Drivers/STM32F0xx_HAL_Driver/Src/stm32f0xx_hal_uart.o
 .text.UART_RxISR_16BIT
                0x0000000008002e8c       0xbc Drivers/STM32F0xx_HAL_Driver/Src/stm32f0xx_hal_uart.o
 .text.HAL_UARTEx_WakeupCallback
                0x0000000008002f48       0x10 Drivers/STM32F0xx_HAL_Driver/Src/stm32f0xx_hal_uart_ex.o
                0x0000000008002f48                HAL_UARTEx_WakeupCallback
 .text.__libc_init_array
                0x0000000008002f58       0x48 c:/st/stm32cubeide_1.2.0/stm32cubeide/plugins/com.st.stm32cube.ide.mcu.externaltools.gnu-tools-for-stm32.7-2018-q2-update.win32_1.0.0.201904181610/tools/bin/../lib/gcc/arm-none-eabi/7.3.1/../../../../arm-none-eabi/lib/thumb/v6-m\libc_nano.a(lib_a-init.o)
                0x0000000008002f58                __libc_init_array
 .text.memset   0x0000000008002fa0       0x10 c:/st/stm32cubeide_1.2.0/stm32cubeide/plugins/com.st.stm32cube.ide.mcu.externaltools.gnu-tools-for-stm32.7-2018-q2-update.win32_1.0.0.201904181610/tools/bin/../lib/gcc/arm-none-eabi/7.3.1/../../../../arm-none-eabi/lib/thumb/v6-m\libc_nano.a(lib_a-memset.o)
                0x0000000008002fa0                memset
 *(.glue_7)
 .glue_7        0x0000000008002fb0        0x0 linker stubs
 *(.glue_7t)
 .glue_7t       0x0000000008002fb0        0x0 linker stubs
 *(.eh_frame)
 .eh_frame      0x0000000008002fb0        0x0 c:/st/stm32cubeide_1.2.0/stm32cubeide/plugins/com.st.stm32cube.ide.mcu.externaltools.gnu-tools-for-stm32.7-2018-q2-update.win32_1.0.0.201904181610/tools/bin/../lib/gcc/arm-none-eabi/7.3.1/thumb/v6-m/crtbegin.o
 *(.init)
 .init          0x0000000008002fb0        0x4 c:/st/stm32cubeide_1.2.0/stm32cubeide/plugins/com.st.stm32cube.ide.mcu.externaltools.gnu-tools-for-stm32.7-2018-q2-update.win32_1.0.0.201904181610/tools/bin/../lib/gcc/arm-none-eabi/7.3.1/thumb/v6-m/crti.o
                0x0000000008002fb0                _init
 .init          0x0000000008002fb4        0x8 c:/st/stm32cubeide_1.2.0/stm32cubeide/plugins/com.st.stm32cube.ide.mcu.externaltools.gnu-tools-for-stm32.7-2018-q2-update.win32_1.0.0.201904181610/tools/bin/../lib/gcc/arm-none-eabi/7.3.1/thumb/v6-m/crtn.o
 *(.fini)
 .fini          0x0000000008002fbc        0x4 c:/st/stm32cubeide_1.2.0/stm32cubeide/plugins/com.st.stm32cube.ide.mcu.externaltools.gnu-tools-for-stm32.7-2018-q2-update.win32_1.0.0.201904181610/tools/bin/../lib/gcc/arm-none-eabi/7.3.1/thumb/v6-m/crti.o
                0x0000000008002fbc                _fini
 .fini          0x0000000008002fc0        0x8 c:/st/stm32cubeide_1.2.0/stm32cubeide/plugins/com.st.stm32cube.ide.mcu.externaltools.gnu-tools-for-stm32.7-2018-q2-update.win32_1.0.0.201904181610/tools/bin/../lib/gcc/arm-none-eabi/7.3.1/thumb/v6-m/crtn.o
                0x0000000008002fc8                . = ALIGN (0x4)
                0x0000000008002fc8                _etext = .

.vfp11_veneer   0x0000000008002fc8        0x0
 .vfp11_veneer  0x0000000008002fc8        0x0 linker stubs

.v4_bx          0x0000000008002fc8        0x0
 .v4_bx         0x0000000008002fc8        0x0 linker stubs

.iplt           0x0000000008002fc8        0x0
 .iplt          0x0000000008002fc8        0x0 c:/st/stm32cubeide_1.2.0/stm32cubeide/plugins/com.st.stm32cube.ide.mcu.externaltools.gnu-tools-for-stm32.7-2018-q2-update.win32_1.0.0.201904181610/tools/bin/../lib/gcc/arm-none-eabi/7.3.1/thumb/v6-m/crtbegin.o

.rodata         0x0000000008002fc8       0x38
                0x0000000008002fc8                . = ALIGN (0x4)
 *(.rodata)
 .rodata        0x0000000008002fc8       0x20 Drivers/STM32F0xx_HAL_Driver/Src/stm32f0xx_hal_rcc.o
 *(.rodata*)
 .rodata.AHBPrescTable
                0x0000000008002fe8       0x10 Core/Src/system_stm32f0xx.o
                0x0000000008002fe8                AHBPrescTable
 .rodata.APBPrescTable
                0x0000000008002ff8        0x8 Core/Src/system_stm32f0xx.o
                0x0000000008002ff8                APBPrescTable
                0x0000000008003000                . = ALIGN (0x4)

.rel.dyn        0x0000000008003000        0x0
 .rel.iplt      0x0000000008003000        0x0 c:/st/stm32cubeide_1.2.0/stm32cubeide/plugins/com.st.stm32cube.ide.mcu.externaltools.gnu-tools-for-stm32.7-2018-q2-update.win32_1.0.0.201904181610/tools/bin/../lib/gcc/arm-none-eabi/7.3.1/thumb/v6-m/crtbegin.o

.ARM.extab      0x0000000008003000        0x0
                0x0000000008003000                . = ALIGN (0x4)
 *(.ARM.extab* .gnu.linkonce.armextab.*)
                0x0000000008003000                . = ALIGN (0x4)

.ARM            0x0000000008003000        0x0
                0x0000000008003000                . = ALIGN (0x4)
                0x0000000008003000                __exidx_start = .
 *(.ARM.exidx*)
                0x0000000008003000                __exidx_end = .
                0x0000000008003000                . = ALIGN (0x4)

.preinit_array  0x0000000008003000        0x0
                0x0000000008003000                . = ALIGN (0x4)
                0x0000000008003000                PROVIDE (__preinit_array_start = .)
 *(.preinit_array*)
                0x0000000008003000                PROVIDE (__preinit_array_end = .)
                0x0000000008003000                . = ALIGN (0x4)

.init_array     0x0000000008003000        0x8
                0x0000000008003000                . = ALIGN (0x4)
                0x0000000008003000                PROVIDE (__init_array_start = .)
 *(SORT_BY_NAME(.init_array.*))
 *(.init_array*)
 .init_array    0x0000000008003000        0x4 c:/st/stm32cubeide_1.2.0/stm32cubeide/plugins/com.st.stm32cube.ide.mcu.externaltools.gnu-tools-for-stm32.7-2018-q2-update.win32_1.0.0.201904181610/tools/bin/../lib/gcc/arm-none-eabi/7.3.1/thumb/v6-m/crtbegin.o
 .init_array    0x0000000008003004        0x4 Core/Src/main.o
                0x0000000008003008                PROVIDE (__init_array_end = .)
                0x0000000008003008                . = ALIGN (0x4)

.fini_array     0x0000000008003008        0x8
                0x0000000008003008                . = ALIGN (0x4)
                [!provide]                        PROVIDE (__fini_array_start = .)
 *(SORT_BY_NAME(.fini_array.*))
 *(.fini_array*)
 .fini_array    0x0000000008003008        0x4 c:/st/stm32cubeide_1.2.0/stm32cubeide/plugins/com.st.stm32cube.ide.mcu.externaltools.gnu-tools-for-stm32.7-2018-q2-update.win32_1.0.0.201904181610/tools/bin/../lib/gcc/arm-none-eabi/7.3.1/thumb/v6-m/crtbegin.o
 .fini_array    0x000000000800300c        0x4 Core/Src/main.o
                [!provide]                        PROVIDE (__fini_array_end = .)
                0x0000000008003010                . = ALIGN (0x4)
                0x0000000008003010                _sidata = LOADADDR (.data)

.data           0x0000000020000000        0xc load address 0x0000000008003010
                0x0000000020000000                . = ALIGN (0x4)
                0x0000000020000000                _sdata = .
 *(.data)
 *(.data*)
 .data.SystemCoreClock
                0x0000000020000000        0x4 Core/Src/system_stm32f0xx.o
                0x0000000020000000                SystemCoreClock
 .data.uwTickPrio
                0x0000000020000004        0x4 Drivers/STM32F0xx_HAL_Driver/Src/stm32f0xx_hal.o
                0x0000000020000004                uwTickPrio
 .data.uwTickFreq
                0x0000000020000008        0x1 Drivers/STM32F0xx_HAL_Driver/Src/stm32f0xx_hal.o
                0x0000000020000008                uwTickFreq
                0x000000002000000c                . = ALIGN (0x4)
 *fill*         0x0000000020000009        0x3 
                0x000000002000000c                _edata = .

.igot.plt       0x000000002000000c        0x0 load address 0x000000000800301c
 .igot.plt      0x000000002000000c        0x0 c:/st/stm32cubeide_1.2.0/stm32cubeide/plugins/com.st.stm32cube.ide.mcu.externaltools.gnu-tools-for-stm32.7-2018-q2-update.win32_1.0.0.201904181610/tools/bin/../lib/gcc/arm-none-eabi/7.3.1/thumb/v6-m/crtbegin.o
                0x000000002000000c                . = ALIGN (0x4)

.bss            0x000000002000000c      0x2f4 load address 0x000000000800301c
                0x000000002000000c                _sbss = .
                0x000000002000000c                __bss_start__ = _sbss
 *(.bss)
 .bss           0x000000002000000c       0x1c c:/st/stm32cubeide_1.2.0/stm32cubeide/plugins/com.st.stm32cube.ide.mcu.externaltools.gnu-tools-for-stm32.7-2018-q2-update.win32_1.0.0.201904181610/tools/bin/../lib/gcc/arm-none-eabi/7.3.1/thumb/v6-m/crtbegin.o
 *(.bss*)
 .bss.hi2c2     0x0000000020000028       0x4c Core/Src/main.o
                0x0000000020000028                hi2c2
 .bss.hspi2     0x0000000020000074       0x64 Core/Src/main.o
                0x0000000020000074                hspi2
 .bss.htsc      0x00000000200000d8       0x44 Core/Src/main.o
                0x00000000200000d8                htsc
 .bss.huart3    0x000000002000011c       0x80 Core/Src/main.o
                0x000000002000011c                huart3
 .bss.Port      0x000000002000019c      0x160 Core/Src/main.o
                0x000000002000019c                Port
 *(COMMON)
 COMMON         0x00000000200002fc        0x4 Drivers/STM32F0xx_HAL_Driver/Src/stm32f0xx_hal.o
                0x00000000200002fc                uwTick
                0x0000000020000300                . = ALIGN (0x4)
                0x0000000020000300                _ebss = .
                0x0000000020000300                __bss_end__ = _ebss

._user_heap_stack
                0x0000000020000300      0x600 load address 0x000000000800301c
                0x0000000020000300                . = ALIGN (0x8)
                0x0000000020000300                PROVIDE (end = .)
                [!provide]                        PROVIDE (_end = .)
                0x0000000020000500                . = (. + _Min_Heap_Size)
 *fill*         0x0000000020000300      0x200 
                0x0000000020000900                . = (. + _Min_Stack_Size)
 *fill*         0x0000000020000500      0x400 
                0x0000000020000900                . = ALIGN (0x8)

/DISCARD/
 libc.a(*)
 libm.a(*)
 libgcc.a(*)

.ARM.attributes
                0x0000000000000000       0x28
 *(.ARM.attributes)
 .ARM.attributes
                0x0000000000000000       0x1e c:/st/stm32cubeide_1.2.0/stm32cubeide/plugins/com.st.stm32cube.ide.mcu.externaltools.gnu-tools-for-stm32.7-2018-q2-update.win32_1.0.0.201904181610/tools/bin/../lib/gcc/arm-none-eabi/7.3.1/thumb/v6-m/crti.o
 .ARM.attributes
                0x000000000000001e       0x2c c:/st/stm32cubeide_1.2.0/stm32cubeide/plugins/com.st.stm32cube.ide.mcu.externaltools.gnu-tools-for-stm32.7-2018-q2-update.win32_1.0.0.201904181610/tools/bin/../lib/gcc/arm-none-eabi/7.3.1/thumb/v6-m/crtbegin.o
 .ARM.attributes
                0x000000000000004a       0x31 Core/Src/MIDI.o
 .ARM.attributes
                0x000000000000007b       0x31 Core/Src/main.o
 .ARM.attributes
                0x00000000000000ac       0x31 Core/Src/stm32f0xx_hal_msp.o
 .ARM.attributes
                0x00000000000000dd       0x31 Core/Src/stm32f0xx_it.o
 .ARM.attributes
                0x000000000000010e       0x31 Core/Src/system_stm32f0xx.o
 .ARM.attributes
                0x000000000000013f       0x21 Core/Startup/startup_stm32f072rbtx.o
 .ARM.attributes
                0x0000000000000160       0x31 Drivers/STM32F0xx_HAL_Driver/Src/stm32f0xx_hal.o
 .ARM.attributes
                0x0000000000000191       0x31 Drivers/STM32F0xx_HAL_Driver/Src/stm32f0xx_hal_cortex.o
 .ARM.attributes
                0x00000000000001c2       0x31 Drivers/STM32F0xx_HAL_Driver/Src/stm32f0xx_hal_dma.o
 .ARM.attributes
                0x00000000000001f3       0x31 Drivers/STM32F0xx_HAL_Driver/Src/stm32f0xx_hal_gpio.o
 .ARM.attributes
                0x0000000000000224       0x31 Drivers/STM32F0xx_HAL_Driver/Src/stm32f0xx_hal_i2c.o
 .ARM.attributes
                0x0000000000000255       0x31 Drivers/STM32F0xx_HAL_Driver/Src/stm32f0xx_hal_i2c_ex.o
 .ARM.attributes
                0x0000000000000286       0x31 Drivers/STM32F0xx_HAL_Driver/Src/stm32f0xx_hal_rcc.o
 .ARM.attributes
                0x00000000000002b7       0x31 Drivers/STM32F0xx_HAL_Driver/Src/stm32f0xx_hal_spi.o
 .ARM.attributes
                0x00000000000002e8       0x31 Drivers/STM32F0xx_HAL_Driver/Src/stm32f0xx_hal_tsc.o
 .ARM.attributes
                0x0000000000000319       0x31 Drivers/STM32F0xx_HAL_Driver/Src/stm32f0xx_hal_uart.o
 .ARM.attributes
                0x000000000000034a       0x31 Drivers/STM32F0xx_HAL_Driver/Src/stm32f0xx_hal_uart_ex.o
 .ARM.attributes
                0x000000000000037b       0x2c c:/st/stm32cubeide_1.2.0/stm32cubeide/plugins/com.st.stm32cube.ide.mcu.externaltools.gnu-tools-for-stm32.7-2018-q2-update.win32_1.0.0.201904181610/tools/bin/../lib/gcc/arm-none-eabi/7.3.1/../../../../arm-none-eabi/lib/thumb/v6-m\libc_nano.a(lib_a-init.o)
 .ARM.attributes
                0x00000000000003a7       0x2c c:/st/stm32cubeide_1.2.0/stm32cubeide/plugins/com.st.stm32cube.ide.mcu.externaltools.gnu-tools-for-stm32.7-2018-q2-update.win32_1.0.0.201904181610/tools/bin/../lib/gcc/arm-none-eabi/7.3.1/../../../../arm-none-eabi/lib/thumb/v6-m\libc_nano.a(lib_a-memset.o)
 .ARM.attributes
                0x00000000000003d3       0x1e c:/st/stm32cubeide_1.2.0/stm32cubeide/plugins/com.st.stm32cube.ide.mcu.externaltools.gnu-tools-for-stm32.7-2018-q2-update.win32_1.0.0.201904181610/tools/bin/../lib/gcc/arm-none-eabi/7.3.1/thumb/v6-m\libgcc.a(_udivsi3.o)
 .ARM.attributes
                0x00000000000003f1       0x1e c:/st/stm32cubeide_1.2.0/stm32cubeide/plugins/com.st.stm32cube.ide.mcu.externaltools.gnu-tools-for-stm32.7-2018-q2-update.win32_1.0.0.201904181610/tools/bin/../lib/gcc/arm-none-eabi/7.3.1/thumb/v6-m\libgcc.a(_dvmd_tls.o)
 .ARM.attributes
                0x000000000000040f       0x1e c:/st/stm32cubeide_1.2.0/stm32cubeide/plugins/com.st.stm32cube.ide.mcu.externaltools.gnu-tools-for-stm32.7-2018-q2-update.win32_1.0.0.201904181610/tools/bin/../lib/gcc/arm-none-eabi/7.3.1/thumb/v6-m/crtn.o
OUTPUT(MIDIlib.elf elf32-littlearm)

.debug_info     0x0000000000000000     0xf19a
 .debug_info    0x0000000000000000     0x2a84 Core/Src/MIDI.o
 .debug_info    0x0000000000002a84     0x21a9 Core/Src/main.o
 .debug_info    0x0000000000004c2d     0x1359 Core/Src/stm32f0xx_hal_msp.o
 .debug_info    0x0000000000005f86      0x6cb Core/Src/stm32f0xx_it.o
 .debug_info    0x0000000000006651      0x29e Core/Src/system_stm32f0xx.o
 .debug_info    0x00000000000068ef       0x22 Core/Startup/startup_stm32f072rbtx.o
 .debug_info    0x0000000000006911      0x6c0 Drivers/STM32F0xx_HAL_Driver/Src/stm32f0xx_hal.o
 .debug_info    0x0000000000006fd1      0x78c Drivers/STM32F0xx_HAL_Driver/Src/stm32f0xx_hal_cortex.o
 .debug_info    0x000000000000775d      0x7a9 Drivers/STM32F0xx_HAL_Driver/Src/stm32f0xx_hal_dma.o
 .debug_info    0x0000000000007f06      0x67a Drivers/STM32F0xx_HAL_Driver/Src/stm32f0xx_hal_gpio.o
 .debug_info    0x0000000000008580     0x1f43 Drivers/STM32F0xx_HAL_Driver/Src/stm32f0xx_hal_i2c.o
 .debug_info    0x000000000000a4c3      0x8c9 Drivers/STM32F0xx_HAL_Driver/Src/stm32f0xx_hal_i2c_ex.o
 .debug_info    0x000000000000ad8c      0x82d Drivers/STM32F0xx_HAL_Driver/Src/stm32f0xx_hal_rcc.o
 .debug_info    0x000000000000b5b9     0x1603 Drivers/STM32F0xx_HAL_Driver/Src/stm32f0xx_hal_spi.o
 .debug_info    0x000000000000cbbc      0x7eb Drivers/STM32F0xx_HAL_Driver/Src/stm32f0xx_hal_tsc.o
 .debug_info    0x000000000000d3a7     0x1577 Drivers/STM32F0xx_HAL_Driver/Src/stm32f0xx_hal_uart.o
 .debug_info    0x000000000000e91e      0x87c Drivers/STM32F0xx_HAL_Driver/Src/stm32f0xx_hal_uart_ex.o

.debug_abbrev   0x0000000000000000     0x21b9
 .debug_abbrev  0x0000000000000000      0x3bc Core/Src/MIDI.o
 .debug_abbrev  0x00000000000003bc      0x3b6 Core/Src/main.o
 .debug_abbrev  0x0000000000000772      0x1d8 Core/Src/stm32f0xx_hal_msp.o
 .debug_abbrev  0x000000000000094a      0x149 Core/Src/stm32f0xx_it.o
 .debug_abbrev  0x0000000000000a93      0x12b Core/Src/system_stm32f0xx.o
 .debug_abbrev  0x0000000000000bbe       0x12 Core/Startup/startup_stm32f072rbtx.o
 .debug_abbrev  0x0000000000000bd0      0x1c7 Drivers/STM32F0xx_HAL_Driver/Src/stm32f0xx_hal.o
 .debug_abbrev  0x0000000000000d97      0x273 Drivers/STM32F0xx_HAL_Driver/Src/stm32f0xx_hal_cortex.o
 .debug_abbrev  0x000000000000100a      0x216 Drivers/STM32F0xx_HAL_Driver/Src/stm32f0xx_hal_dma.o
 .debug_abbrev  0x0000000000001220      0x1c0 Drivers/STM32F0xx_HAL_Driver/Src/stm32f0xx_hal_gpio.o
 .debug_abbrev  0x00000000000013e0      0x22a Drivers/STM32F0xx_HAL_Driver/Src/stm32f0xx_hal_i2c.o
 .debug_abbrev  0x000000000000160a      0x1b9 Drivers/STM32F0xx_HAL_Driver/Src/stm32f0xx_hal_i2c_ex.o
 .debug_abbrev  0x00000000000017c3      0x20f Drivers/STM32F0xx_HAL_Driver/Src/stm32f0xx_hal_rcc.o
 .debug_abbrev  0x00000000000019d2      0x228 Drivers/STM32F0xx_HAL_Driver/Src/stm32f0xx_hal_spi.o
 .debug_abbrev  0x0000000000001bfa      0x1d8 Drivers/STM32F0xx_HAL_Driver/Src/stm32f0xx_hal_tsc.o
 .debug_abbrev  0x0000000000001dd2      0x205 Drivers/STM32F0xx_HAL_Driver/Src/stm32f0xx_hal_uart.o
 .debug_abbrev  0x0000000000001fd7      0x1e2 Drivers/STM32F0xx_HAL_Driver/Src/stm32f0xx_hal_uart_ex.o

.debug_aranges  0x0000000000000000      0xe88
 .debug_aranges
                0x0000000000000000      0x278 Core/Src/MIDI.o
 .debug_aranges
                0x0000000000000278       0x78 Core/Src/main.o
 .debug_aranges
                0x00000000000002f0       0x60 Core/Src/stm32f0xx_hal_msp.o
 .debug_aranges
                0x0000000000000350       0x48 Core/Src/stm32f0xx_it.o
 .debug_aranges
                0x0000000000000398       0x28 Core/Src/system_stm32f0xx.o
 .debug_aranges
                0x00000000000003c0       0x28 Core/Startup/startup_stm32f072rbtx.o
 .debug_aranges
                0x00000000000003e8       0xd0 Drivers/STM32F0xx_HAL_Driver/Src/stm32f0xx_hal.o
 .debug_aranges
                0x00000000000004b8       0xc0 Drivers/STM32F0xx_HAL_Driver/Src/stm32f0xx_hal_cortex.o
 .debug_aranges
                0x0000000000000578       0x88 Drivers/STM32F0xx_HAL_Driver/Src/stm32f0xx_hal_dma.o
 .debug_aranges
                0x0000000000000600       0x58 Drivers/STM32F0xx_HAL_Driver/Src/stm32f0xx_hal_gpio.o
 .debug_aranges
                0x0000000000000658      0x288 Drivers/STM32F0xx_HAL_Driver/Src/stm32f0xx_hal_i2c.o
 .debug_aranges
                0x00000000000008e0       0x48 Drivers/STM32F0xx_HAL_Driver/Src/stm32f0xx_hal_i2c_ex.o
 .debug_aranges
                0x0000000000000928       0x80 Drivers/STM32F0xx_HAL_Driver/Src/stm32f0xx_hal_rcc.o
 .debug_aranges
                0x00000000000009a8      0x1d8 Drivers/STM32F0xx_HAL_Driver/Src/stm32f0xx_hal_spi.o
 .debug_aranges
                0x0000000000000b80       0xa8 Drivers/STM32F0xx_HAL_Driver/Src/stm32f0xx_hal_tsc.o
 .debug_aranges
                0x0000000000000c28      0x210 Drivers/STM32F0xx_HAL_Driver/Src/stm32f0xx_hal_uart.o
 .debug_aranges
                0x0000000000000e38       0x50 Drivers/STM32F0xx_HAL_Driver/Src/stm32f0xx_hal_uart_ex.o

.debug_ranges   0x0000000000000000      0xd80
 .debug_ranges  0x0000000000000000      0x268 Core/Src/MIDI.o
 .debug_ranges  0x0000000000000268       0x68 Core/Src/main.o
 .debug_ranges  0x00000000000002d0       0x50 Core/Src/stm32f0xx_hal_msp.o
 .debug_ranges  0x0000000000000320       0x38 Core/Src/stm32f0xx_it.o
 .debug_ranges  0x0000000000000358       0x18 Core/Src/system_stm32f0xx.o
 .debug_ranges  0x0000000000000370       0x20 Core/Startup/startup_stm32f072rbtx.o
 .debug_ranges  0x0000000000000390       0xc0 Drivers/STM32F0xx_HAL_Driver/Src/stm32f0xx_hal.o
 .debug_ranges  0x0000000000000450       0xb0 Drivers/STM32F0xx_HAL_Driver/Src/stm32f0xx_hal_cortex.o
 .debug_ranges  0x0000000000000500       0x78 Drivers/STM32F0xx_HAL_Driver/Src/stm32f0xx_hal_dma.o
 .debug_ranges  0x0000000000000578       0x48 Drivers/STM32F0xx_HAL_Driver/Src/stm32f0xx_hal_gpio.o
 .debug_ranges  0x00000000000005c0      0x278 Drivers/STM32F0xx_HAL_Driver/Src/stm32f0xx_hal_i2c.o
 .debug_ranges  0x0000000000000838       0x38 Drivers/STM32F0xx_HAL_Driver/Src/stm32f0xx_hal_i2c_ex.o
 .debug_ranges  0x0000000000000870       0x70 Drivers/STM32F0xx_HAL_Driver/Src/stm32f0xx_hal_rcc.o
 .debug_ranges  0x00000000000008e0      0x1c8 Drivers/STM32F0xx_HAL_Driver/Src/stm32f0xx_hal_spi.o
 .debug_ranges  0x0000000000000aa8       0x98 Drivers/STM32F0xx_HAL_Driver/Src/stm32f0xx_hal_tsc.o
 .debug_ranges  0x0000000000000b40      0x200 Drivers/STM32F0xx_HAL_Driver/Src/stm32f0xx_hal_uart.o
 .debug_ranges  0x0000000000000d40       0x40 Drivers/STM32F0xx_HAL_Driver/Src/stm32f0xx_hal_uart_ex.o

.debug_macro    0x0000000000000000    0x17046
 .debug_macro   0x0000000000000000      0x1d8 Core/Src/MIDI.o
 .debug_macro   0x00000000000001d8      0xb1a Core/Src/MIDI.o
 .debug_macro   0x0000000000000cf2      0x139 Core/Src/MIDI.o
 .debug_macro   0x0000000000000e2b       0x2e Core/Src/MIDI.o
 .debug_macro   0x0000000000000e59       0x22 Core/Src/MIDI.o
 .debug_macro   0x0000000000000e7b       0x1c Core/Src/MIDI.o
 .debug_macro   0x0000000000000e97       0x22 Core/Src/MIDI.o
 .debug_macro   0x0000000000000eb9       0x8e Core/Src/MIDI.o
 .debug_macro   0x0000000000000f47       0x51 Core/Src/MIDI.o
 .debug_macro   0x0000000000000f98       0xef Core/Src/MIDI.o
 .debug_macro   0x0000000000001087       0x6a Core/Src/MIDI.o
 .debug_macro   0x00000000000010f1      0x1df Core/Src/MIDI.o
 .debug_macro   0x00000000000012d0       0x1c Core/Src/MIDI.o
 .debug_macro   0x00000000000012ec       0x22 Core/Src/MIDI.o
 .debug_macro   0x000000000000130e       0xb5 Core/Src/MIDI.o
 .debug_macro   0x00000000000013c3      0x391 Core/Src/MIDI.o
 .debug_macro   0x0000000000001754     0xfe50 Core/Src/MIDI.o
 .debug_macro   0x00000000000115a4       0x3c Core/Src/MIDI.o
 .debug_macro   0x00000000000115e0      0x17b Core/Src/MIDI.o
 .debug_macro   0x000000000001175b       0x53 Core/Src/MIDI.o
 .debug_macro   0x00000000000117ae      0x946 Core/Src/MIDI.o
 .debug_macro   0x00000000000120f4      0x5f3 Core/Src/MIDI.o
 .debug_macro   0x00000000000126e7      0x12f Core/Src/MIDI.o
 .debug_macro   0x0000000000012816      0x1a7 Core/Src/MIDI.o
 .debug_macro   0x00000000000129bd      0x1a7 Core/Src/MIDI.o
 .debug_macro   0x0000000000012b64      0x22c Core/Src/MIDI.o
 .debug_macro   0x0000000000012d90       0x34 Core/Src/MIDI.o
 .debug_macro   0x0000000000012dc4       0x43 Core/Src/MIDI.o
 .debug_macro   0x0000000000012e07       0x28 Core/Src/MIDI.o
 .debug_macro   0x0000000000012e2f       0xb0 Core/Src/MIDI.o
 .debug_macro   0x0000000000012edf      0x217 Core/Src/MIDI.o
 .debug_macro   0x00000000000130f6      0x22c Core/Src/MIDI.o
 .debug_macro   0x0000000000013322       0x5f Core/Src/MIDI.o
 .debug_macro   0x0000000000013381       0xa5 Core/Src/MIDI.o
 .debug_macro   0x0000000000013426       0x4c Core/Src/MIDI.o
 .debug_macro   0x0000000000013472      0x16d Core/Src/MIDI.o
 .debug_macro   0x00000000000135df      0x305 Core/Src/MIDI.o
 .debug_macro   0x00000000000138e4      0x3d0 Core/Src/MIDI.o
 .debug_macro   0x0000000000013cb4      0x589 Core/Src/MIDI.o
 .debug_macro   0x000000000001423d       0x44 Core/Src/MIDI.o
 .debug_macro   0x0000000000014281      0x130 Core/Src/MIDI.o
 .debug_macro   0x00000000000143b1       0x40 Core/Src/MIDI.o
 .debug_macro   0x00000000000143f1      0x1f3 Core/Src/main.o
 .debug_macro   0x00000000000145e4       0xdc Core/Src/main.o
 .debug_macro   0x00000000000146c0      0x1d3 Core/Src/stm32f0xx_hal_msp.o
 .debug_macro   0x0000000000014893      0xa48 Core/Src/stm32f0xx_hal_msp.o
 .debug_macro   0x00000000000152db      0x391 Core/Src/stm32f0xx_hal_msp.o
 .debug_macro   0x000000000001566c      0x174 Core/Src/stm32f0xx_hal_msp.o
 .debug_macro   0x00000000000157e0      0x1dd Core/Src/stm32f0xx_it.o
 .debug_macro   0x00000000000159bd      0x1c4 Core/Src/system_stm32f0xx.o
 .debug_macro   0x0000000000015b81      0x1e8 Drivers/STM32F0xx_HAL_Driver/Src/stm32f0xx_hal.o
 .debug_macro   0x0000000000015d69      0x1c4 Drivers/STM32F0xx_HAL_Driver/Src/stm32f0xx_hal_cortex.o
 .debug_macro   0x0000000000015f2d      0x1c4 Drivers/STM32F0xx_HAL_Driver/Src/stm32f0xx_hal_dma.o
 .debug_macro   0x00000000000160f1      0x1fc Drivers/STM32F0xx_HAL_Driver/Src/stm32f0xx_hal_gpio.o
 .debug_macro   0x00000000000162ed      0x289 Drivers/STM32F0xx_HAL_Driver/Src/stm32f0xx_hal_i2c.o
 .debug_macro   0x0000000000016576      0x1c4 Drivers/STM32F0xx_HAL_Driver/Src/stm32f0xx_hal_i2c_ex.o
 .debug_macro   0x000000000001673a      0x1d6 Drivers/STM32F0xx_HAL_Driver/Src/stm32f0xx_hal_rcc.o
 .debug_macro   0x0000000000016910      0x1cc Drivers/STM32F0xx_HAL_Driver/Src/stm32f0xx_hal_spi.o
 .debug_macro   0x0000000000016adc      0x1c5 Drivers/STM32F0xx_HAL_Driver/Src/stm32f0xx_hal_tsc.o
 .debug_macro   0x0000000000016ca1      0x1e1 Drivers/STM32F0xx_HAL_Driver/Src/stm32f0xx_hal_uart.o
 .debug_macro   0x0000000000016e82      0x1c4 Drivers/STM32F0xx_HAL_Driver/Src/stm32f0xx_hal_uart_ex.o

.debug_line     0x0000000000000000     0xae86
 .debug_line    0x0000000000000000      0xf08 Core/Src/MIDI.o
 .debug_line    0x0000000000000f08      0x814 Core/Src/main.o
 .debug_line    0x000000000000171c      0x78a Core/Src/stm32f0xx_hal_msp.o
 .debug_line    0x0000000000001ea6      0x719 Core/Src/stm32f0xx_it.o
 .debug_line    0x00000000000025bf      0x6d6 Core/Src/system_stm32f0xx.o
 .debug_line    0x0000000000002c95       0x89 Core/Startup/startup_stm32f072rbtx.o
 .debug_line    0x0000000000002d1e      0x869 Drivers/STM32F0xx_HAL_Driver/Src/stm32f0xx_hal.o
 .debug_line    0x0000000000003587      0x881 Drivers/STM32F0xx_HAL_Driver/Src/stm32f0xx_hal_cortex.o
 .debug_line    0x0000000000003e08      0x8c7 Drivers/STM32F0xx_HAL_Driver/Src/stm32f0xx_hal_dma.o
 .debug_line    0x00000000000046cf      0x843 Drivers/STM32F0xx_HAL_Driver/Src/stm32f0xx_hal_gpio.o
 .debug_line    0x0000000000004f12     0x1a36 Drivers/STM32F0xx_HAL_Driver/Src/stm32f0xx_hal_i2c.o
 .debug_line    0x0000000000006948      0x7f7 Drivers/STM32F0xx_HAL_Driver/Src/stm32f0xx_hal_i2c_ex.o
 .debug_line    0x000000000000713f      0x956 Drivers/STM32F0xx_HAL_Driver/Src/stm32f0xx_hal_rcc.o
 .debug_line    0x0000000000007a95     0x113e Drivers/STM32F0xx_HAL_Driver/Src/stm32f0xx_hal_spi.o
 .debug_line    0x0000000000008bd3      0x940 Drivers/STM32F0xx_HAL_Driver/Src/stm32f0xx_hal_tsc.o
 .debug_line    0x0000000000009513     0x11c7 Drivers/STM32F0xx_HAL_Driver/Src/stm32f0xx_hal_uart.o
 .debug_line    0x000000000000a6da      0x7ac Drivers/STM32F0xx_HAL_Driver/Src/stm32f0xx_hal_uart_ex.o

.debug_str      0x0000000000000000    0x7c682
 .debug_str     0x0000000000000000    0x7895f Core/Src/MIDI.o
                                      0x78d8a (size before relaxing)
 .debug_str     0x000000000007895f      0xc93 Core/Src/main.o
                                      0x795b5 (size before relaxing)
 .debug_str     0x00000000000795f2      0x3d4 Core/Src/stm32f0xx_hal_msp.o
                                      0x77989 (size before relaxing)
 .debug_str     0x00000000000799c6       0x76 Core/Src/stm32f0xx_it.o
                                      0x77074 (size before relaxing)
 .debug_str     0x0000000000079a3c       0x5f Core/Src/system_stm32f0xx.o
                                      0x76963 (size before relaxing)
 .debug_str     0x0000000000079a9b       0x36 Core/Startup/startup_stm32f072rbtx.o
                                         0x71 (size before relaxing)
 .debug_str     0x0000000000079ad1      0x38a Drivers/STM32F0xx_HAL_Driver/Src/stm32f0xx_hal.o
                                      0x76ed1 (size before relaxing)
 .debug_str     0x0000000000079e5b      0x1ef Drivers/STM32F0xx_HAL_Driver/Src/stm32f0xx_hal_cortex.o
                                      0x76d85 (size before relaxing)
 .debug_str     0x000000000007a04a      0x24d Drivers/STM32F0xx_HAL_Driver/Src/stm32f0xx_hal_dma.o
                                      0x76d3b (size before relaxing)
 .debug_str     0x000000000007a297      0x200 Drivers/STM32F0xx_HAL_Driver/Src/stm32f0xx_hal_gpio.o
                                      0x76bff (size before relaxing)
 .debug_str     0x000000000007a497      0xdec Drivers/STM32F0xx_HAL_Driver/Src/stm32f0xx_hal_i2c.o
                                      0x77bc2 (size before relaxing)
 .debug_str     0x000000000007b283       0xf3 Drivers/STM32F0xx_HAL_Driver/Src/stm32f0xx_hal_i2c_ex.o
                                      0x76f01 (size before relaxing)
 .debug_str     0x000000000007b376      0x249 Drivers/STM32F0xx_HAL_Driver/Src/stm32f0xx_hal_rcc.o
                                      0x76d78 (size before relaxing)
 .debug_str     0x000000000007b5bf      0x55c Drivers/STM32F0xx_HAL_Driver/Src/stm32f0xx_hal_spi.o
                                      0x7729c (size before relaxing)
 .debug_str     0x000000000007bb1b      0x254 Drivers/STM32F0xx_HAL_Driver/Src/stm32f0xx_hal_tsc.o
                                      0x76daf (size before relaxing)
 .debug_str     0x000000000007bd6f      0x7b3 Drivers/STM32F0xx_HAL_Driver/Src/stm32f0xx_hal_uart.o
                                      0x77578 (size before relaxing)
 .debug_str     0x000000000007c522      0x160 Drivers/STM32F0xx_HAL_Driver/Src/stm32f0xx_hal_uart_ex.o
                                      0x76e57 (size before relaxing)

.comment        0x0000000000000000       0x7b
 .comment       0x0000000000000000       0x7b Core/Src/MIDI.o
                                         0x7c (size before relaxing)
 .comment       0x000000000000007b       0x7c Core/Src/main.o
 .comment       0x000000000000007b       0x7c Core/Src/stm32f0xx_hal_msp.o
 .comment       0x000000000000007b       0x7c Core/Src/stm32f0xx_it.o
 .comment       0x000000000000007b       0x7c Core/Src/system_stm32f0xx.o
 .comment       0x000000000000007b       0x7c Drivers/STM32F0xx_HAL_Driver/Src/stm32f0xx_hal.o
 .comment       0x000000000000007b       0x7c Drivers/STM32F0xx_HAL_Driver/Src/stm32f0xx_hal_cortex.o
 .comment       0x000000000000007b       0x7c Drivers/STM32F0xx_HAL_Driver/Src/stm32f0xx_hal_dma.o
 .comment       0x000000000000007b       0x7c Drivers/STM32F0xx_HAL_Driver/Src/stm32f0xx_hal_gpio.o
 .comment       0x000000000000007b       0x7c Drivers/STM32F0xx_HAL_Driver/Src/stm32f0xx_hal_i2c.o
 .comment       0x000000000000007b       0x7c Drivers/STM32F0xx_HAL_Driver/Src/stm32f0xx_hal_i2c_ex.o
 .comment       0x000000000000007b       0x7c Drivers/STM32F0xx_HAL_Driver/Src/stm32f0xx_hal_rcc.o
 .comment       0x000000000000007b       0x7c Drivers/STM32F0xx_HAL_Driver/Src/stm32f0xx_hal_spi.o
 .comment       0x000000000000007b       0x7c Drivers/STM32F0xx_HAL_Driver/Src/stm32f0xx_hal_tsc.o
 .comment       0x000000000000007b       0x7c Drivers/STM32F0xx_HAL_Driver/Src/stm32f0xx_hal_uart.o
 .comment       0x000000000000007b       0x7c Drivers/STM32F0xx_HAL_Driver/Src/stm32f0xx_hal_uart_ex.o

.debug_frame    0x0000000000000000     0x347c
 .debug_frame   0x0000000000000000      0x99c Core/Src/MIDI.o
 .debug_frame   0x000000000000099c      0x174 Core/Src/main.o
 .debug_frame   0x0000000000000b10      0x130 Core/Src/stm32f0xx_hal_msp.o
 .debug_frame   0x0000000000000c40       0xb8 Core/Src/stm32f0xx_it.o
 .debug_frame   0x0000000000000cf8       0x4c Core/Src/system_stm32f0xx.o
 .debug_frame   0x0000000000000d44      0x2a4 Drivers/STM32F0xx_HAL_Driver/Src/stm32f0xx_hal.o
 .debug_frame   0x0000000000000fe8      0x2a0 Drivers/STM32F0xx_HAL_Driver/Src/stm32f0xx_hal_cortex.o
 .debug_frame   0x0000000000001288      0x1d0 Drivers/STM32F0xx_HAL_Driver/Src/stm32f0xx_hal_dma.o
 .debug_frame   0x0000000000001458      0x110 Drivers/STM32F0xx_HAL_Driver/Src/stm32f0xx_hal_gpio.o
 .debug_frame   0x0000000000001568      0xa00 Drivers/STM32F0xx_HAL_Driver/Src/stm32f0xx_hal_i2c.o
 .debug_frame   0x0000000000001f68       0xd0 Drivers/STM32F0xx_HAL_Driver/Src/stm32f0xx_hal_i2c_ex.o
 .debug_frame   0x0000000000002038      0x198 Drivers/STM32F0xx_HAL_Driver/Src/stm32f0xx_hal_rcc.o
 .debug_frame   0x00000000000021d0      0x710 Drivers/STM32F0xx_HAL_Driver/Src/stm32f0xx_hal_spi.o
 .debug_frame   0x00000000000028e0      0x250 Drivers/STM32F0xx_HAL_Driver/Src/stm32f0xx_hal_tsc.o
 .debug_frame   0x0000000000002b30      0x7f0 Drivers/STM32F0xx_HAL_Driver/Src/stm32f0xx_hal_uart.o
 .debug_frame   0x0000000000003320       0xf0 Drivers/STM32F0xx_HAL_Driver/Src/stm32f0xx_hal_uart_ex.o
 .debug_frame   0x0000000000003410       0x2c c:/st/stm32cubeide_1.2.0/stm32cubeide/plugins/com.st.stm32cube.ide.mcu.externaltools.gnu-tools-for-stm32.7-2018-q2-update.win32_1.0.0.201904181610/tools/bin/../lib/gcc/arm-none-eabi/7.3.1/../../../../arm-none-eabi/lib/thumb/v6-m\libc_nano.a(lib_a-init.o)
 .debug_frame   0x000000000000343c       0x20 c:/st/stm32cubeide_1.2.0/stm32cubeide/plugins/com.st.stm32cube.ide.mcu.externaltools.gnu-tools-for-stm32.7-2018-q2-update.win32_1.0.0.201904181610/tools/bin/../lib/gcc/arm-none-eabi/7.3.1/../../../../arm-none-eabi/lib/thumb/v6-m\libc_nano.a(lib_a-memset.o)
 .debug_frame   0x000000000000345c       0x20 c:/st/stm32cubeide_1.2.0/stm32cubeide/plugins/com.st.stm32cube.ide.mcu.externaltools.gnu-tools-for-stm32.7-2018-q2-update.win32_1.0.0.201904181610/tools/bin/../lib/gcc/arm-none-eabi/7.3.1/thumb/v6-m\libgcc.a(_udivsi3.o)
